Analysis & Synthesis report for TopLevel
Mon Apr  3 01:45:56 2023
Quartus Prime Version 22.1std.0 Build 915 10/25/2022 SC Lite Edition


---------------------
; Table of Contents ;
---------------------
  1. Legal Notice
  2. Analysis & Synthesis Summary
  3. Analysis & Synthesis Settings
  4. Parallel Compilation
  5. Analysis & Synthesis Source Files Read
  6. Analysis & Synthesis Resource Usage Summary
  7. Analysis & Synthesis Resource Utilization by Entity
  8. General Register Statistics
  9. Multiplexer Restructuring Statistics (Restructuring Performed)
 10. Port Connectivity Checks: "Counter26:OneSecCounter"
 11. Port Connectivity Checks: "Counter4:SecondsL"
 12. Port Connectivity Checks: "Counter4:SecondsR"
 13. Post-Synthesis Netlist Statistics for Top Partition
 14. Elapsed Time Per Partition
 15. Analysis & Synthesis Messages



----------------
; Legal Notice ;
----------------
Copyright (C) 2022  Intel Corporation. All rights reserved.
Your use of Intel Corporation's design tools, logic functions 
and other software and tools, and any partner logic 
functions, and any output files from any of the foregoing 
(including device programming or simulation files), and any 
associated documentation or information are expressly subject 
to the terms and conditions of the Intel Program License 
Subscription Agreement, the Intel Quartus Prime License Agreement,
the Intel FPGA IP License Agreement, or other applicable license
agreement, including, without limitation, that your use is for
the sole purpose of programming logic devices manufactured by
Intel and sold by Intel or its authorized distributors.  Please
refer to the applicable agreement for further details, at
https://fpgasoftware.intel.com/eula.



+----------------------------------------------------------------------------------+
; Analysis & Synthesis Summary                                                     ;
+---------------------------------+------------------------------------------------+
; Analysis & Synthesis Status     ; Successful - Mon Apr  3 01:45:56 2023          ;
; Quartus Prime Version           ; 22.1std.0 Build 915 10/25/2022 SC Lite Edition ;
; Revision Name                   ; TopLevel                                       ;
; Top-level Entity Name           ; TopLevel                                       ;
; Family                          ; Cyclone V                                      ;
; Logic utilization (in ALMs)     ; N/A                                            ;
; Total registers                 ; 50                                             ;
; Total pins                      ; 67                                             ;
; Total virtual pins              ; 0                                              ;
; Total block memory bits         ; 0                                              ;
; Total DSP Blocks                ; 0                                              ;
; Total HSSI RX PCSs              ; 0                                              ;
; Total HSSI PMA RX Deserializers ; 0                                              ;
; Total HSSI TX PCSs              ; 0                                              ;
; Total HSSI PMA TX Serializers   ; 0                                              ;
; Total PLLs                      ; 0                                              ;
; Total DLLs                      ; 0                                              ;
+---------------------------------+------------------------------------------------+


+---------------------------------------------------------------------------------------------------------------------------+
; Analysis & Synthesis Settings                                                                                             ;
+---------------------------------------------------------------------------------+--------------------+--------------------+
; Option                                                                          ; Setting            ; Default Value      ;
+---------------------------------------------------------------------------------+--------------------+--------------------+
; Device                                                                          ; 5CSEMA5F31C6       ;                    ;
; Top-level entity name                                                           ; TopLevel           ; TopLevel           ;
; Family name                                                                     ; Cyclone V          ; Cyclone V          ;
; Use smart compilation                                                           ; Off                ; Off                ;
; Enable parallel Assembler and Timing Analyzer during compilation                ; On                 ; On                 ;
; Enable compact report table                                                     ; Off                ; Off                ;
; Restructure Multiplexers                                                        ; Auto               ; Auto               ;
; MLAB Add Timing Constraints For Mixed-Port Feed-Through Mode Setting Don't Care ; Off                ; Off                ;
; Create Debugging Nodes for IP Cores                                             ; Off                ; Off                ;
; Preserve fewer node names                                                       ; On                 ; On                 ;
; Intel FPGA IP Evaluation Mode                                                   ; Enable             ; Enable             ;
; Verilog Version                                                                 ; Verilog_2001       ; Verilog_2001       ;
; VHDL Version                                                                    ; VHDL_1993          ; VHDL_1993          ;
; State Machine Processing                                                        ; Auto               ; Auto               ;
; Safe State Machine                                                              ; Off                ; Off                ;
; Extract Verilog State Machines                                                  ; On                 ; On                 ;
; Extract VHDL State Machines                                                     ; On                 ; On                 ;
; Ignore Verilog initial constructs                                               ; Off                ; Off                ;
; Iteration limit for constant Verilog loops                                      ; 5000               ; 5000               ;
; Iteration limit for non-constant Verilog loops                                  ; 250                ; 250                ;
; Add Pass-Through Logic to Inferred RAMs                                         ; On                 ; On                 ;
; Infer RAMs from Raw Logic                                                       ; On                 ; On                 ;
; Parallel Synthesis                                                              ; On                 ; On                 ;
; DSP Block Balancing                                                             ; Auto               ; Auto               ;
; NOT Gate Push-Back                                                              ; On                 ; On                 ;
; Power-Up Don't Care                                                             ; On                 ; On                 ;
; Remove Redundant Logic Cells                                                    ; Off                ; Off                ;
; Remove Duplicate Registers                                                      ; On                 ; On                 ;
; Ignore CARRY Buffers                                                            ; Off                ; Off                ;
; Ignore CASCADE Buffers                                                          ; Off                ; Off                ;
; Ignore GLOBAL Buffers                                                           ; Off                ; Off                ;
; Ignore ROW GLOBAL Buffers                                                       ; Off                ; Off                ;
; Ignore LCELL Buffers                                                            ; Off                ; Off                ;
; Ignore SOFT Buffers                                                             ; On                 ; On                 ;
; Limit AHDL Integers to 32 Bits                                                  ; Off                ; Off                ;
; Optimization Technique                                                          ; Balanced           ; Balanced           ;
; Carry Chain Length                                                              ; 70                 ; 70                 ;
; Auto Carry Chains                                                               ; On                 ; On                 ;
; Auto Open-Drain Pins                                                            ; On                 ; On                 ;
; Perform WYSIWYG Primitive Resynthesis                                           ; Off                ; Off                ;
; Auto ROM Replacement                                                            ; On                 ; On                 ;
; Auto RAM Replacement                                                            ; On                 ; On                 ;
; Auto DSP Block Replacement                                                      ; On                 ; On                 ;
; Auto Shift Register Replacement                                                 ; Auto               ; Auto               ;
; Allow Shift Register Merging across Hierarchies                                 ; Auto               ; Auto               ;
; Auto Clock Enable Replacement                                                   ; On                 ; On                 ;
; Strict RAM Replacement                                                          ; Off                ; Off                ;
; Allow Synchronous Control Signals                                               ; On                 ; On                 ;
; Force Use of Synchronous Clear Signals                                          ; Off                ; Off                ;
; Auto Resource Sharing                                                           ; Off                ; Off                ;
; Allow Any RAM Size For Recognition                                              ; Off                ; Off                ;
; Allow Any ROM Size For Recognition                                              ; Off                ; Off                ;
; Allow Any Shift Register Size For Recognition                                   ; Off                ; Off                ;
; Use LogicLock Constraints during Resource Balancing                             ; On                 ; On                 ;
; Ignore translate_off and synthesis_off directives                               ; Off                ; Off                ;
; Timing-Driven Synthesis                                                         ; On                 ; On                 ;
; Report Parameter Settings                                                       ; On                 ; On                 ;
; Report Source Assignments                                                       ; On                 ; On                 ;
; Report Connectivity Checks                                                      ; On                 ; On                 ;
; Ignore Maximum Fan-Out Assignments                                              ; Off                ; Off                ;
; Synchronization Register Chain Length                                           ; 3                  ; 3                  ;
; Power Optimization During Synthesis                                             ; Normal compilation ; Normal compilation ;
; HDL message level                                                               ; Level2             ; Level2             ;
; Suppress Register Optimization Related Messages                                 ; Off                ; Off                ;
; Number of Removed Registers Reported in Synthesis Report                        ; 5000               ; 5000               ;
; Number of Swept Nodes Reported in Synthesis Report                              ; 5000               ; 5000               ;
; Number of Inverted Registers Reported in Synthesis Report                       ; 100                ; 100                ;
; Clock MUX Protection                                                            ; On                 ; On                 ;
; Auto Gated Clock Conversion                                                     ; Off                ; Off                ;
; Block Design Naming                                                             ; Auto               ; Auto               ;
; SDC constraint protection                                                       ; Off                ; Off                ;
; Synthesis Effort                                                                ; Auto               ; Auto               ;
; Shift Register Replacement - Allow Asynchronous Clear Signal                    ; On                 ; On                 ;
; Pre-Mapping Resynthesis Optimization                                            ; Off                ; Off                ;
; Analysis & Synthesis Message Level                                              ; Medium             ; Medium             ;
; Disable Register Merging Across Hierarchies                                     ; Auto               ; Auto               ;
; Resource Aware Inference For Block RAM                                          ; On                 ; On                 ;
; Automatic Parallel Synthesis                                                    ; On                 ; On                 ;
; Partial Reconfiguration Bitstream ID                                            ; Off                ; Off                ;
+---------------------------------------------------------------------------------+--------------------+--------------------+


+------------------------------------------+
; Parallel Compilation                     ;
+----------------------------+-------------+
; Processors                 ; Number      ;
+----------------------------+-------------+
; Number detected on machine ; 8           ;
; Maximum allowed            ; 4           ;
;                            ;             ;
; Average used               ; 1.00        ;
; Maximum used               ; 4           ;
;                            ;             ;
; Usage by Processor         ; % Time Used ;
;     Processor 1            ; 100.0%      ;
;     Processors 2-4         ;   0.0%      ;
+----------------------------+-------------+


+--------------------------------------------------------------------------------------------------------------------------------------------------------------+
; Analysis & Synthesis Source Files Read                                                                                                                       ;
+----------------------------------+-----------------+-----------------+-----------------------------------------------------------------------------+---------+
; File Name with User-Entered Path ; Used in Netlist ; File Type       ; File Name with Absolute Path                                                ; Library ;
+----------------------------------+-----------------+-----------------+-----------------------------------------------------------------------------+---------+
; TopLevel.vhd                     ; yes             ; User VHDL File  ; C:/Users/colem/Documents/VHDL-Projects/FPGADigitalClock/TopLevel.vhd        ;         ;
; Counter4.vhd                     ; yes             ; User VHDL File  ; C:/Users/colem/Documents/VHDL-Projects/FPGADigitalClock/Counter4.vhd        ;         ;
; Counter26.vhd                    ; yes             ; User VHDL File  ; C:/Users/colem/Documents/VHDL-Projects/FPGADigitalClock/Counter26.vhd       ;         ;
; SegmentDecoder7.vhd              ; yes             ; User VHDL File  ; C:/Users/colem/Documents/VHDL-Projects/FPGADigitalClock/SegmentDecoder7.vhd ;         ;
+----------------------------------+-----------------+-----------------+-----------------------------------------------------------------------------+---------+


+--------------------------------------------------------------+
; Analysis & Synthesis Resource Usage Summary                  ;
+---------------------------------------------+----------------+
; Resource                                    ; Usage          ;
+---------------------------------------------+----------------+
; Estimate of Logic utilization (ALMs needed) ; 86             ;
;                                             ;                ;
; Combinational ALUT usage for logic          ; 162            ;
;     -- 7 input functions                    ; 0              ;
;     -- 6 input functions                    ; 9              ;
;     -- 5 input functions                    ; 22             ;
;     -- 4 input functions                    ; 80             ;
;     -- <=3 input functions                  ; 51             ;
;                                             ;                ;
; Dedicated logic registers                   ; 50             ;
;                                             ;                ;
; I/O pins                                    ; 67             ;
;                                             ;                ;
; Total DSP Blocks                            ; 0              ;
;                                             ;                ;
; Maximum fan-out node                        ; CLOCK_50~input ;
; Maximum fan-out                             ; 50             ;
; Total fan-out                               ; 879            ;
; Average fan-out                             ; 2.54           ;
+---------------------------------------------+----------------+


+------------------------------------------------------------------------------------------------------------------------------------------------------------------------------------------------------------------------+
; Analysis & Synthesis Resource Utilization by Entity                                                                                                                                                                    ;
+------------------------------------+---------------------+---------------------------+-------------------+------------+------+--------------+-----------------------------------------+-----------------+--------------+
; Compilation Hierarchy Node         ; Combinational ALUTs ; Dedicated Logic Registers ; Block Memory Bits ; DSP Blocks ; Pins ; Virtual Pins ; Full Hierarchy Name                     ; Entity Name     ; Library Name ;
+------------------------------------+---------------------+---------------------------+-------------------+------------+------+--------------+-----------------------------------------+-----------------+--------------+
; |TopLevel                          ; 162 (17)            ; 50 (0)                    ; 0                 ; 0          ; 67   ; 0            ; |TopLevel                               ; TopLevel        ; work         ;
;    |Counter26:OneSecCounter|       ; 26 (26)             ; 26 (26)                   ; 0                 ; 0          ; 0    ; 0            ; |TopLevel|Counter26:OneSecCounter       ; Counter26       ; work         ;
;    |Counter4:HrsL|                 ; 15 (15)             ; 4 (4)                     ; 0                 ; 0          ; 0    ; 0            ; |TopLevel|Counter4:HrsL                 ; Counter4        ; work         ;
;    |Counter4:HrsR|                 ; 20 (20)             ; 4 (4)                     ; 0                 ; 0          ; 0    ; 0            ; |TopLevel|Counter4:HrsR                 ; Counter4        ; work         ;
;    |Counter4:MinsL|                ; 14 (14)             ; 4 (4)                     ; 0                 ; 0          ; 0    ; 0            ; |TopLevel|Counter4:MinsL                ; Counter4        ; work         ;
;    |Counter4:MinsR|                ; 15 (15)             ; 4 (4)                     ; 0                 ; 0          ; 0    ; 0            ; |TopLevel|Counter4:MinsR                ; Counter4        ; work         ;
;    |Counter4:SecondsL|             ; 5 (5)               ; 4 (4)                     ; 0                 ; 0          ; 0    ; 0            ; |TopLevel|Counter4:SecondsL             ; Counter4        ; work         ;
;    |Counter4:SecondsR|             ; 5 (5)               ; 4 (4)                     ; 0                 ; 0          ; 0    ; 0            ; |TopLevel|Counter4:SecondsR             ; Counter4        ; work         ;
;    |SegmentDecoder7:SevenSegment0| ; 7 (7)               ; 0 (0)                     ; 0                 ; 0          ; 0    ; 0            ; |TopLevel|SegmentDecoder7:SevenSegment0 ; SegmentDecoder7 ; work         ;
;    |SegmentDecoder7:SevenSegment1| ; 7 (7)               ; 0 (0)                     ; 0                 ; 0          ; 0    ; 0            ; |TopLevel|SegmentDecoder7:SevenSegment1 ; SegmentDecoder7 ; work         ;
;    |SegmentDecoder7:SevenSegment2| ; 8 (8)               ; 0 (0)                     ; 0                 ; 0          ; 0    ; 0            ; |TopLevel|SegmentDecoder7:SevenSegment2 ; SegmentDecoder7 ; work         ;
;    |SegmentDecoder7:SevenSegment3| ; 7 (7)               ; 0 (0)                     ; 0                 ; 0          ; 0    ; 0            ; |TopLevel|SegmentDecoder7:SevenSegment3 ; SegmentDecoder7 ; work         ;
;    |SegmentDecoder7:SevenSegment4| ; 8 (8)               ; 0 (0)                     ; 0                 ; 0          ; 0    ; 0            ; |TopLevel|SegmentDecoder7:SevenSegment4 ; SegmentDecoder7 ; work         ;
;    |SegmentDecoder7:SevenSegment5| ; 8 (8)               ; 0 (0)                     ; 0                 ; 0          ; 0    ; 0            ; |TopLevel|SegmentDecoder7:SevenSegment5 ; SegmentDecoder7 ; work         ;
+------------------------------------+---------------------+---------------------------+-------------------+------------+------+--------------+-----------------------------------------+-----------------+--------------+
Note: For table entries with two numbers listed, the numbers in parentheses indicate the number of resources of the given type used by the specific entity alone. The numbers listed outside of parentheses indicate the total resources of the given type used by the specific entity and all of its sub-entities in the hierarchy.


+------------------------------------------------------+
; General Register Statistics                          ;
+----------------------------------------------+-------+
; Statistic                                    ; Value ;
+----------------------------------------------+-------+
; Total registers                              ; 50    ;
; Number of registers using Synchronous Clear  ; 26    ;
; Number of registers using Synchronous Load   ; 0     ;
; Number of registers using Asynchronous Clear ; 24    ;
; Number of registers using Asynchronous Load  ; 0     ;
; Number of registers using Clock Enable       ; 18    ;
; Number of registers using Preset             ; 0     ;
+----------------------------------------------+-------+


+----------------------------------------------------------------------------------------------------------------------------------------------------------------+
; Multiplexer Restructuring Statistics (Restructuring Performed)                                                                                                 ;
+--------------------+-----------+---------------+----------------------+------------------------+------------+--------------------------------------------------+
; Multiplexer Inputs ; Bus Width ; Baseline Area ; Area if Restructured ; Saving if Restructured ; Registered ; Example Multiplexer Output                       ;
+--------------------+-----------+---------------+----------------------+------------------------+------------+--------------------------------------------------+
; 3:1                ; 4 bits    ; 8 LEs         ; 4 LEs                ; 4 LEs                  ; Yes        ; |TopLevel|Counter4:SecondsR|Counter4OutputInt[0] ;
; 3:1                ; 4 bits    ; 8 LEs         ; 4 LEs                ; 4 LEs                  ; Yes        ; |TopLevel|Counter4:SecondsL|Counter4OutputInt[0] ;
; 3:1                ; 4 bits    ; 8 LEs         ; 4 LEs                ; 4 LEs                  ; Yes        ; |TopLevel|Counter4:MinsR|Counter4OutputInt[0]    ;
; 3:1                ; 4 bits    ; 8 LEs         ; 4 LEs                ; 4 LEs                  ; Yes        ; |TopLevel|Counter4:MinsL|Counter4OutputInt[1]    ;
; 3:1                ; 4 bits    ; 8 LEs         ; 4 LEs                ; 4 LEs                  ; Yes        ; |TopLevel|Counter4:HrsR|Counter4OutputInt[1]     ;
; 3:1                ; 4 bits    ; 8 LEs         ; 4 LEs                ; 4 LEs                  ; Yes        ; |TopLevel|Counter4:HrsL|Counter4OutputInt[2]     ;
+--------------------+-----------+---------------+----------------------+------------------------+------------+--------------------------------------------------+


+----------------------------------------------------------------------------------------------------------------------------------+
; Port Connectivity Checks: "Counter26:OneSecCounter"                                                                              ;
+------------------------+--------+----------+-------------------------------------------------------------------------------------+
; Port                   ; Type   ; Severity ; Details                                                                             ;
+------------------------+--------+----------+-------------------------------------------------------------------------------------+
; enable                 ; Input  ; Info     ; Stuck at VCC                                                                        ;
; asyncloadn             ; Input  ; Info     ; Stuck at VCC                                                                        ;
; asyncclearn            ; Input  ; Info     ; Stuck at VCC                                                                        ;
; loadinput              ; Input  ; Info     ; Stuck at GND                                                                        ;
; counter26output[11..8] ; Output ; Info     ; Connected to dangling logic. Logic that only feeds a dangling port will be removed. ;
; counter26output[6..0]  ; Output ; Info     ; Connected to dangling logic. Logic that only feeds a dangling port will be removed. ;
; counter26output[24]    ; Output ; Info     ; Connected to dangling logic. Logic that only feeds a dangling port will be removed. ;
; counter26output[18]    ; Output ; Info     ; Connected to dangling logic. Logic that only feeds a dangling port will be removed. ;
; counter26output[16]    ; Output ; Info     ; Connected to dangling logic. Logic that only feeds a dangling port will be removed. ;
+------------------------+--------+----------+-------------------------------------------------------------------------------------+


+-----------------------------------------------+
; Port Connectivity Checks: "Counter4:SecondsL" ;
+------------+-------+----------+---------------+
; Port       ; Type  ; Severity ; Details       ;
+------------+-------+----------+---------------+
; asyncloadn ; Input ; Info     ; Stuck at VCC  ;
+------------+-------+----------+---------------+


+-----------------------------------------------+
; Port Connectivity Checks: "Counter4:SecondsR" ;
+------------+-------+----------+---------------+
; Port       ; Type  ; Severity ; Details       ;
+------------+-------+----------+---------------+
; asyncloadn ; Input ; Info     ; Stuck at VCC  ;
+------------+-------+----------+---------------+


+-----------------------------------------------------+
; Post-Synthesis Netlist Statistics for Top Partition ;
+-----------------------+-----------------------------+
; Type                  ; Count                       ;
+-----------------------+-----------------------------+
; arriav_ff             ; 50                          ;
;     CLR               ; 6                           ;
;     ENA CLR           ; 18                          ;
;     SCLR              ; 26                          ;
; arriav_lcell_comb     ; 162                         ;
;     arith             ; 26                          ;
;         1 data inputs ; 26                          ;
;     normal            ; 136                         ;
;         1 data inputs ; 1                           ;
;         2 data inputs ; 16                          ;
;         3 data inputs ; 8                           ;
;         4 data inputs ; 80                          ;
;         5 data inputs ; 22                          ;
;         6 data inputs ; 9                           ;
; boundary_port         ; 67                          ;
;                       ;                             ;
; Max LUT depth         ; 4.00                        ;
; Average LUT depth     ; 2.78                        ;
+-----------------------+-----------------------------+


+-------------------------------+
; Elapsed Time Per Partition    ;
+----------------+--------------+
; Partition Name ; Elapsed Time ;
+----------------+--------------+
; Top            ; 00:00:00     ;
+----------------+--------------+


+-------------------------------+
; Analysis & Synthesis Messages ;
+-------------------------------+
Info: *******************************************************************
Info: Running Quartus Prime Analysis & Synthesis
    Info: Version 22.1std.0 Build 915 10/25/2022 SC Lite Edition
    Info: Processing started: Mon Apr  3 01:45:46 2023
Info: Command: quartus_map --read_settings_files=on --write_settings_files=off TopLevel -c TopLevel
Warning (18236): Number of processors has not been specified which may cause overloading on shared machines.  Set the global assignment NUM_PARALLEL_PROCESSORS in your QSF to an appropriate value for best performance.
Info (20030): Parallel compilation is enabled and will use 4 of the 4 processors detected
Info (12021): Found 4 design units, including 2 entities, in source file toplevel.vhd
    Info (12022): Found design unit 1: TopLevel-rtl File: C:/Users/colem/Documents/VHDL-Projects/FPGADigitalClock/TopLevel.vhd Line: 18
    Info (12022): Found design unit 2: TopLevelTest-rtl File: C:/Users/colem/Documents/VHDL-Projects/FPGADigitalClock/TopLevel.vhd Line: 196
    Info (12023): Found entity 1: TopLevel File: C:/Users/colem/Documents/VHDL-Projects/FPGADigitalClock/TopLevel.vhd Line: 7
    Info (12023): Found entity 2: TopLevelTest File: C:/Users/colem/Documents/VHDL-Projects/FPGADigitalClock/TopLevel.vhd Line: 192
Info (12021): Found 4 design units, including 2 entities, in source file counter4.vhd
    Info (12022): Found design unit 1: Counter4-rtl File: C:/Users/colem/Documents/VHDL-Projects/FPGADigitalClock/Counter4.vhd Line: 16
    Info (12022): Found design unit 2: Counter4Test-rtl File: C:/Users/colem/Documents/VHDL-Projects/FPGADigitalClock/Counter4.vhd Line: 63
    Info (12023): Found entity 1: Counter4 File: C:/Users/colem/Documents/VHDL-Projects/FPGADigitalClock/Counter4.vhd Line: 7
    Info (12023): Found entity 2: Counter4Test File: C:/Users/colem/Documents/VHDL-Projects/FPGADigitalClock/Counter4.vhd Line: 59
Info (12021): Found 4 design units, including 2 entities, in source file counter26.vhd
    Info (12022): Found design unit 1: Counter26-rtl File: C:/Users/colem/Documents/VHDL-Projects/FPGADigitalClock/Counter26.vhd Line: 16
    Info (12022): Found design unit 2: Counter26Test-rtl File: C:/Users/colem/Documents/VHDL-Projects/FPGADigitalClock/Counter26.vhd Line: 63
    Info (12023): Found entity 1: Counter26 File: C:/Users/colem/Documents/VHDL-Projects/FPGADigitalClock/Counter26.vhd Line: 7
    Info (12023): Found entity 2: Counter26Test File: C:/Users/colem/Documents/VHDL-Projects/FPGADigitalClock/Counter26.vhd Line: 59
Info (12021): Found 4 design units, including 2 entities, in source file segmentdecoder7.vhd
    Info (12022): Found design unit 1: SegmentDecoder7-rtl File: C:/Users/colem/Documents/VHDL-Projects/FPGADigitalClock/SegmentDecoder7.vhd Line: 14
    Info (12022): Found design unit 2: SegmentDecoder7Test-rtl File: C:/Users/colem/Documents/VHDL-Projects/FPGADigitalClock/SegmentDecoder7.vhd Line: 36
    Info (12023): Found entity 1: SegmentDecoder7 File: C:/Users/colem/Documents/VHDL-Projects/FPGADigitalClock/SegmentDecoder7.vhd Line: 6
    Info (12023): Found entity 2: SegmentDecoder7Test File: C:/Users/colem/Documents/VHDL-Projects/FPGADigitalClock/SegmentDecoder7.vhd Line: 33
Info (12127): Elaborating entity "TopLevel" for the top level hierarchy
Warning (10492): VHDL Process Statement warning at TopLevel.vhd(67): signal "HrsL_OUT" is read inside the Process Statement but isn't in the Process Statement's sensitivity list File: C:/Users/colem/Documents/VHDL-Projects/FPGADigitalClock/TopLevel.vhd Line: 67
Warning (10492): VHDL Process Statement warning at TopLevel.vhd(68): signal "HrsR_OUT" is read inside the Process Statement but isn't in the Process Statement's sensitivity list File: C:/Users/colem/Documents/VHDL-Projects/FPGADigitalClock/TopLevel.vhd Line: 68
Warning (10492): VHDL Process Statement warning at TopLevel.vhd(69): signal "HrsL_OUT" is read inside the Process Statement but isn't in the Process Statement's sensitivity list File: C:/Users/colem/Documents/VHDL-Projects/FPGADigitalClock/TopLevel.vhd Line: 69
Warning (10492): VHDL Process Statement warning at TopLevel.vhd(69): signal "HrsR_OUT" is read inside the Process Statement but isn't in the Process Statement's sensitivity list File: C:/Users/colem/Documents/VHDL-Projects/FPGADigitalClock/TopLevel.vhd Line: 69
Warning (10492): VHDL Process Statement warning at TopLevel.vhd(74): signal "KEY" is read inside the Process Statement but isn't in the Process Statement's sensitivity list File: C:/Users/colem/Documents/VHDL-Projects/FPGADigitalClock/TopLevel.vhd Line: 74
Warning (10492): VHDL Process Statement warning at TopLevel.vhd(78): signal "MinsL_OUT" is read inside the Process Statement but isn't in the Process Statement's sensitivity list File: C:/Users/colem/Documents/VHDL-Projects/FPGADigitalClock/TopLevel.vhd Line: 78
Warning (10492): VHDL Process Statement warning at TopLevel.vhd(79): signal "MinsR_OUT" is read inside the Process Statement but isn't in the Process Statement's sensitivity list File: C:/Users/colem/Documents/VHDL-Projects/FPGADigitalClock/TopLevel.vhd Line: 79
Warning (10492): VHDL Process Statement warning at TopLevel.vhd(84): signal "KEY" is read inside the Process Statement but isn't in the Process Statement's sensitivity list File: C:/Users/colem/Documents/VHDL-Projects/FPGADigitalClock/TopLevel.vhd Line: 84
Info (12128): Elaborating entity "Counter4" for hierarchy "Counter4:SecondsR" File: C:/Users/colem/Documents/VHDL-Projects/FPGADigitalClock/TopLevel.vhd Line: 92
Warning (10492): VHDL Process Statement warning at Counter4.vhd(30): signal "LoadInput" is read inside the Process Statement but isn't in the Process Statement's sensitivity list File: C:/Users/colem/Documents/VHDL-Projects/FPGADigitalClock/Counter4.vhd Line: 30
Info (12128): Elaborating entity "Counter26" for hierarchy "Counter26:OneSecCounter" File: C:/Users/colem/Documents/VHDL-Projects/FPGADigitalClock/TopLevel.vhd Line: 101
Warning (10492): VHDL Process Statement warning at Counter26.vhd(30): signal "LoadInput" is read inside the Process Statement but isn't in the Process Statement's sensitivity list File: C:/Users/colem/Documents/VHDL-Projects/FPGADigitalClock/Counter26.vhd Line: 30
Info (12128): Elaborating entity "SegmentDecoder7" for hierarchy "SegmentDecoder7:SevenSegment0" File: C:/Users/colem/Documents/VHDL-Projects/FPGADigitalClock/TopLevel.vhd Line: 105
Warning (13004): Presettable and clearable registers converted to equivalent circuits with latches. Registers power-up to an undefined state, and DEVCLRn places the registers in an undefined state.
    Warning (13310): Register "Counter4:MinsR|Counter4OutputInt[0]" is converted into an equivalent circuit using register "Counter4:MinsR|Counter4OutputInt[0]~_emulated" and latch "Counter4:MinsR|Counter4OutputInt[0]~1" File: C:/Users/colem/Documents/VHDL-Projects/FPGADigitalClock/Counter4.vhd Line: 26
    Warning (13310): Register "Counter4:MinsR|Counter4OutputInt[3]" is converted into an equivalent circuit using register "Counter4:MinsR|Counter4OutputInt[3]~_emulated" and latch "Counter4:MinsR|Counter4OutputInt[3]~5" File: C:/Users/colem/Documents/VHDL-Projects/FPGADigitalClock/Counter4.vhd Line: 26
    Warning (13310): Register "Counter4:MinsR|Counter4OutputInt[2]" is converted into an equivalent circuit using register "Counter4:MinsR|Counter4OutputInt[2]~_emulated" and latch "Counter4:MinsR|Counter4OutputInt[2]~9" File: C:/Users/colem/Documents/VHDL-Projects/FPGADigitalClock/Counter4.vhd Line: 26
    Warning (13310): Register "Counter4:MinsR|Counter4OutputInt[1]" is converted into an equivalent circuit using register "Counter4:MinsR|Counter4OutputInt[1]~_emulated" and latch "Counter4:MinsR|Counter4OutputInt[1]~13" File: C:/Users/colem/Documents/VHDL-Projects/FPGADigitalClock/Counter4.vhd Line: 26
    Warning (13310): Register "Counter4:MinsL|Counter4OutputInt[0]" is converted into an equivalent circuit using register "Counter4:MinsL|Counter4OutputInt[0]~_emulated" and latch "Counter4:MinsL|Counter4OutputInt[0]~1" File: C:/Users/colem/Documents/VHDL-Projects/FPGADigitalClock/Counter4.vhd Line: 26
    Warning (13310): Register "Counter4:MinsL|Counter4OutputInt[3]" is converted into an equivalent circuit using register "Counter4:MinsL|Counter4OutputInt[3]~_emulated" and latch "Counter4:MinsL|Counter4OutputInt[3]~5" File: C:/Users/colem/Documents/VHDL-Projects/FPGADigitalClock/Counter4.vhd Line: 26
    Warning (13310): Register "Counter4:MinsL|Counter4OutputInt[2]" is converted into an equivalent circuit using register "Counter4:MinsL|Counter4OutputInt[2]~_emulated" and latch "Counter4:MinsL|Counter4OutputInt[2]~9" File: C:/Users/colem/Documents/VHDL-Projects/FPGADigitalClock/Counter4.vhd Line: 26
    Warning (13310): Register "Counter4:MinsL|Counter4OutputInt[1]" is converted into an equivalent circuit using register "Counter4:MinsL|Counter4OutputInt[1]~_emulated" and latch "Counter4:MinsL|Counter4OutputInt[1]~13" File: C:/Users/colem/Documents/VHDL-Projects/FPGADigitalClock/Counter4.vhd Line: 26
    Warning (13310): Register "Counter4:HrsR|Counter4OutputInt[0]" is converted into an equivalent circuit using register "Counter4:HrsR|Counter4OutputInt[0]~_emulated" and latch "Counter4:HrsR|Counter4OutputInt[0]~1" File: C:/Users/colem/Documents/VHDL-Projects/FPGADigitalClock/Counter4.vhd Line: 26
    Warning (13310): Register "Counter4:HrsR|Counter4OutputInt[3]" is converted into an equivalent circuit using register "Counter4:HrsR|Counter4OutputInt[3]~_emulated" and latch "Counter4:HrsR|Counter4OutputInt[3]~5" File: C:/Users/colem/Documents/VHDL-Projects/FPGADigitalClock/Counter4.vhd Line: 26
    Warning (13310): Register "Counter4:HrsR|Counter4OutputInt[2]" is converted into an equivalent circuit using register "Counter4:HrsR|Counter4OutputInt[2]~_emulated" and latch "Counter4:HrsR|Counter4OutputInt[2]~9" File: C:/Users/colem/Documents/VHDL-Projects/FPGADigitalClock/Counter4.vhd Line: 26
    Warning (13310): Register "Counter4:HrsR|Counter4OutputInt[1]" is converted into an equivalent circuit using register "Counter4:HrsR|Counter4OutputInt[1]~_emulated" and latch "Counter4:HrsR|Counter4OutputInt[1]~13" File: C:/Users/colem/Documents/VHDL-Projects/FPGADigitalClock/Counter4.vhd Line: 26
    Warning (13310): Register "Counter4:HrsL|Counter4OutputInt[0]" is converted into an equivalent circuit using register "Counter4:HrsL|Counter4OutputInt[0]~_emulated" and latch "Counter4:HrsL|Counter4OutputInt[0]~1" File: C:/Users/colem/Documents/VHDL-Projects/FPGADigitalClock/Counter4.vhd Line: 26
    Warning (13310): Register "Counter4:HrsL|Counter4OutputInt[3]" is converted into an equivalent circuit using register "Counter4:HrsL|Counter4OutputInt[3]~_emulated" and latch "Counter4:HrsL|Counter4OutputInt[3]~5" File: C:/Users/colem/Documents/VHDL-Projects/FPGADigitalClock/Counter4.vhd Line: 26
    Warning (13310): Register "Counter4:HrsL|Counter4OutputInt[2]" is converted into an equivalent circuit using register "Counter4:HrsL|Counter4OutputInt[2]~_emulated" and latch "Counter4:HrsL|Counter4OutputInt[2]~9" File: C:/Users/colem/Documents/VHDL-Projects/FPGADigitalClock/Counter4.vhd Line: 26
    Warning (13310): Register "Counter4:HrsL|Counter4OutputInt[1]" is converted into an equivalent circuit using register "Counter4:HrsL|Counter4OutputInt[1]~_emulated" and latch "Counter4:HrsL|Counter4OutputInt[1]~13" File: C:/Users/colem/Documents/VHDL-Projects/FPGADigitalClock/Counter4.vhd Line: 26
Info (286030): Timing-Driven Synthesis is running
Info (16010): Generating hard_block partition "hard_block:auto_generated_inst"
    Info (16011): Adding 0 node(s), including 0 DDIO, 0 PLL, 0 transceiver and 0 LCELL
Warning (21074): Design contains 1 input pin(s) that do not drive logic
    Warning (15610): No output dependent on input pin "KEY[1]" File: C:/Users/colem/Documents/VHDL-Projects/FPGADigitalClock/TopLevel.vhd Line: 11
Info (21057): Implemented 229 device resources after synthesis - the final resource count might be different
    Info (21058): Implemented 15 input pins
    Info (21059): Implemented 52 output pins
    Info (21061): Implemented 162 logic cells
Info: Quartus Prime Analysis & Synthesis was successful. 0 errors, 30 warnings
    Info: Peak virtual memory: 4876 megabytes
    Info: Processing ended: Mon Apr  3 01:45:56 2023
    Info: Elapsed time: 00:00:10
    Info: Total CPU time (on all processors): 00:00:23


